{
    "-profile test_full": {
        "content": [
            {
                "IQTREE": {
                    "iqtree": "2.4.0"
                },
                "MAFFT_GENE": {
                    "mafft": 7.52,
                    "pigz": "2.8)"
                },
                "SEQKIT_CONCAT_L": {
                    "seqkit": "2.1.0"
                },
                "SEQKIT_CONCAT_S": {
                    "seqkit": "2.1.0"
                },
                "SUBSEQ": {
                    "python": "3.9.12",
                    "biopython": 1.85,
                    "pyyaml": "6.0.2"
                },
                "Workflow": {
                    "Joon-Klaps/lasvphylo": "v1.0.0dev"
                }
            },
            [
                "alignment-concat",
                "alignment-concat/L_concat.fa",
                "alignment-concat/S_concat.fa",
                "alignment-concat/versions.yml",
                "combined_alignment",
                "combined_alignment/L_combined.fa",
                "combined_alignment/S_combined.fa",
                "iqtree",
                "iqtree/L.contree",
                "iqtree/L.iqtree",
                "iqtree/L.log",
                "iqtree/L.splits.nex",
                "iqtree/L.treefile",
                "iqtree/S.contree",
                "iqtree/S.iqtree",
                "iqtree/S.log",
                "iqtree/S.splits.nex",
                "iqtree/S.treefile",
                "iqtree/versions.yml",
                "mafft_gene",
                "mafft_gene/L_pol.fas",
                "mafft_gene/L_pol.patterns.txt",
                "mafft_gene/L_z.fas",
                "mafft_gene/L_z.patterns.txt",
                "mafft_gene/S_gpc.fas",
                "mafft_gene/S_gpc.patterns.txt",
                "mafft_gene/S_np.fas",
                "mafft_gene/S_np.patterns.txt",
                "mafft_gene/versions.yml",
                "pipeline_info",
                "pipeline_info/lasvphylo_software_versions.yml",
                "subseq",
                "subseq/L_subseq.pol.fa",
                "subseq/L_subseq.z.fa",
                "subseq/S_subseq.gpc.fa",
                "subseq/S_subseq.np.fa",
                "subseq/versions.yml"
            ],
            [
                "L_concat.fa:md5,9289530a2f64cefa373e7d96b8302a1a",
                "S_concat.fa:md5,22bd487c0499acd8fb06e9ccb6da8e4e",
                "versions.yml:md5,d1363b46baf65f96adb8d956f55168c8",
                "L_combined.fa:md5,e7d6447cab14a0c34147092d0dbfbfb1",
                "S_combined.fa:md5,a9deff883cfce3eb4fbcd482dc29ba35",
                "versions.yml:md5,30f5dd408cae1a608f08e990383f079b",
                "L_pol.fas:md5,3db3b4aa4e01082dae37e2843d371792",
                "L_pol.patterns.txt:md5,5128aa89dae7bf4eb0966153ad074f74",
                "L_z.fas:md5,a8302611074f9f9ab5653631804533b9",
                "L_z.patterns.txt:md5,5128aa89dae7bf4eb0966153ad074f74",
                "S_gpc.fas:md5,ea91e008e164499dc0dc7cfbb02a40ab",
                "S_gpc.patterns.txt:md5,98cde54886ac89f7674f1d6b61f38419",
                "S_np.fas:md5,ff10884a6060f1ce364ee29ecb9a2bff",
                "S_np.patterns.txt:md5,98cde54886ac89f7674f1d6b61f38419",
                "versions.yml:md5,af98555c05c92610f4ca1bbb140069fa",
                "L_subseq.pol.fa:md5,2d31074d6adbf24c05d1e8ce1a9b6da8",
                "L_subseq.z.fa:md5,0cfcfb65d17d556ad9c044a396991174",
                "S_subseq.gpc.fa:md5,7ad6b7cf3415f8b657c8e9c6cc13e817",
                "S_subseq.np.fa:md5,f838744b6ba42acb0f0d4c58ccbf285c",
                "versions.yml:md5,2324080f74492e750af044ac18bdb368"
            ]
        ],
        "meta": {
            "nf-test": "0.9.3",
            "nextflow": "25.10.2"
        },
        "timestamp": "2025-12-05T16:30:06.895593"
    }
}